// Jest Snapshot v1, https://goo.gl/fbAQLP

exports[`.toBeNone should failed when given something that isn't none 1`] = `
" [2mexpect([22m[31mreceived[39m[2m).toBeNone()[22m

    Expected value to be none:
      [32m{\\"_tag\\": \\"None\\"}[39m
    Received:
      [31mtrue[39m"
`;
